
> frontend@0.0.0 test
> vitest --run


[1m[30m[46m RUN [49m[39m[22m [36mv4.1.5 [39m[90mC:/Users/gianf/Documents/BarberBook/frontend[39m

 [32mÔ£ô[39m src/components/common/StatusBadge.test.tsx [2m([22m[2m3 tests[22m[2m)[22m[32m 38[2mms[22m[39m
 [31mÔØ»[39m src/App.test.tsx [2m([22m[2m1 test[22m[2m | [22m[31m1 failed[39m[2m)[22m[32m 78[2mms[22m[39m
[31m     [31m├ù[31m renders BarberBook title[39m[32m 75[2mms[22m[39m
node.exe : 
In riga:1 car:1
+ & "C:\Program Files\nodejs/node.exe" "C:\Program Files\nodejs/node_mo ...
+ ~~~~~~~~~~~~~~~~~~~~~~~~~~~~~~~~~~~~~~~~~~~~~~~~~~~~~~~~~~~~~~~~~~~~~
    + CategoryInfo          : NotSpecified: (:String) [], RemoteException
    + FullyQualifiedErrorId : NativeCommandError
 
[31mÔÄ»ÔÄ»ÔÄ»ÔÄ»ÔÄ»ÔÄ»ÔÄ»[39m[1m[41m Failed Tests 1 [49m[22m[31mÔÄ»ÔÄ»ÔÄ»ÔÄ»ÔÄ»ÔÄ»ÔÄ»[39m

[41m[1m FAIL [22m[49m src/App.test.tsx[2m > [22mApp[2m > [22mrenders BarberBook title
[31m[1mTypeError[22m: window.matchMedia is not a function[39m
[90m [2mÔØ»[22m node_modules/sonner/dist/index.mjs:[2m1011:39[22m[39m
[90m [2mÔØ»[22m Object.react_stack_bottom_frame 
node_modules/react-dom/cjs/react-dom-client.development.js:[2m25989:20[22m[39m
[90m [2mÔØ»[22m runWithFiberInDEV node_modules/react-dom/cjs/react-dom-client.development.js:[2m874:13[22m[39m
[90m [2mÔØ»[22m commitHookEffectListMount 
node_modules/react-dom/cjs/react-dom-client.development.js:[2m13249:29[22m[39m
[90m [2mÔØ»[22m commitHookPassiveMountEffects 
node_modules/react-dom/cjs/react-dom-client.development.js:[2m13336:11[22m[39m
[90m [2mÔØ»[22m commitPassiveMountOnFiber 
node_modules/react-dom/cjs/react-dom-client.development.js:[2m15484:13[22m[39m
[90m [2mÔØ»[22m recursivelyTraversePassiveMountEffects 
node_modules/react-dom/cjs/react-dom-client.development.js:[2m15439:11[22m[39m
[90m [2mÔØ»[22m commitPassiveMountOnFiber 
node_modules/react-dom/cjs/react-dom-client.development.js:[2m15476:11[22m[39m
[90m [2mÔØ»[22m recursivelyTraversePassiveMountEffects 
node_modules/react-dom/cjs/react-dom-client.development.js:[2m15439:11[22m[39m
[90m [2mÔØ»[22m commitPassiveMountOnFiber 
node_modules/react-dom/cjs/react-dom-client.development.js:[2m15476:11[22m[39m

[31m[2mÔÄ»ÔÄ»ÔÄ»ÔÄ»ÔÄ»ÔÄ»ÔÄ»ÔÄ»ÔÄ»ÔÄ»ÔÄ»ÔÄ»ÔÄ»ÔÄ»ÔÄ»ÔÄ»ÔÄ»ÔÄ»ÔÄ»ÔÄ»ÔÄ»ÔÄ»ÔÄ»ÔÄ»[1/1]ÔÄ»[22m[39m


[2m Test Files [22m [1m[31m1 failed[39m[22m[2m | [22m[1m[32m1 passed[39m[22m[90m (2)[39m
[2m      Tests [22m [1m[31m1 failed[39m[22m[2m | [22m[1m[32m3 passed[39m[22m[90m (4)[39m
[2m   Start at [22m 23:55:18
[2m   Duration [22m 3.83s[2m (transform 514ms, setup 431ms, import 2.74s, tests 117ms, environment 1.49s)[22m

